
> omnifocus-mcp-cached@3.0.0 test:integration
> vitest tests/integration --run


 RUN  v3.2.4 /Users/kip/src/omnifocus-mcp

 ↓ tests/integration/real-llm-integration.test.ts (8 tests | 8 skipped)
 ↓ tests/integration/batch-operations.test.ts (8 tests | 8 skipped)
 ↓ tests/integration/llm-assistant-simulation.test.ts (14 tests | 14 skipped)
stdout | tests/integration/mcp-protocol.test.ts > MCP Protocol Compliance Tests
🚀 Starting shared MCP server for integration tests...

 ✓ tests/integration/edge-case-escaping.test.ts (11 tests) 3ms
stderr | tests/integration/analytics/pattern-analysis-tool.test.ts > PatternAnalysisTool - GTD Patterns Integration > analyzes review gaps pattern
Skipping test - OmniFocus not available: Failed to fetch complete data from OmniFocus - missing tasks or projects

stderr | tests/integration/analytics/pattern-analysis-tool.test.ts > PatternAnalysisTool - GTD Patterns Integration > analyzes next actions pattern
Skipping test - OmniFocus not available: Failed to fetch complete data from OmniFocus - missing tasks or projects

stderr | tests/integration/analytics/pattern-analysis-tool.test.ts > PatternAnalysisTool - GTD Patterns Integration > analyzes wip limits pattern
Skipping test - OmniFocus not available: Failed to fetch complete data from OmniFocus - missing tasks or projects

stderr | tests/integration/analytics/pattern-analysis-tool.test.ts > PatternAnalysisTool - GTD Patterns Integration > analyzes due date bunching pattern
Skipping test - OmniFocus not available: Failed to fetch complete data from OmniFocus - missing tasks or projects

stderr | tests/integration/analytics/pattern-analysis-tool.test.ts > PatternAnalysisTool - GTD Patterns Integration > analyzes all GTD patterns together
Skipping test - OmniFocus not available: Failed to fetch complete data from OmniFocus - missing tasks or projects

stderr | tests/integration/analytics/pattern-analysis-tool.test.ts > PatternAnalysisTool - GTD Patterns Integration > includes GTD patterns when "all" is specified
Skipping test - OmniFocus not available: Failed to fetch complete data from OmniFocus - missing tasks or projects

 ✓ tests/integration/analytics/pattern-analysis-tool.test.ts (6 tests) 4ms
 ✓ tests/integration/tools/unified/OmniFocusWriteTool.test.ts (2 tests) 4ms
[2025-11-20T23:00:13.237Z] [INFO] [ParseMeetingNotesTool] Parsing meeting notes
 ✓ tests/integration/tools/unified/OmniFocusAnalyzeTool.test.ts (3 tests) 7ms
 ✓ tests/integration/tools/unified/OmniFocusReadTool.test.ts (3 tests) 5ms
stdout | tests/integration/mcp-protocol.test.ts > MCP Protocol Compliance Tests
✅ Shared MCP server ready

stdout | tests/integration/mcp-protocol.test.ts > MCP Protocol Compliance Tests
🧹 Thorough cleanup for session: mcp-test-session-1763679613000-u9n7q8
  📊 Thorough cleanup completed in 0ms (0 operations)

 ✓ tests/integration/mcp-protocol.test.ts (7 tests) 27462ms
   ✓ MCP Protocol Compliance Tests > Task Operations > should handle tasks tool call  7472ms
   ✓ MCP Protocol Compliance Tests > Task Operations > should handle task creation with validation  16847ms
   ✓ MCP Protocol Compliance Tests > Project Operations > should handle projects tool call  2419ms
 ✓ tests/integration/validation/filter-results.test.ts (7 tests) 28674ms
   ✓ Filter Results Validation > Text Filter (Bug #9 Prevention) > should return ONLY tasks containing search text in name or note  4011ms
   ✓ Filter Results Validation > Date Range Filter (Bug #10 Prevention) > should return ONLY tasks within specified date range  8050ms
   ✓ Filter Results Validation > Date Range Filter (Bug #10 Prevention) > should exclude tasks before start date  2476ms
   ✓ Filter Results Validation > Tag Filter Operators (Bug #12 Extension) > should return tasks with ANY of specified tags  1545ms
   ✓ Filter Results Validation > Tag Filter Operators (Bug #12 Extension) > should return tasks with ALL specified tags  4550ms
   ✓ Filter Results Validation > Tag Filter Operators (Bug #12 Extension) > should exclude tasks with specified tags (none operator)  5822ms
   ✓ Filter Results Validation > Combined Filters (P0-3: Complex Queries) > should apply text + date filters together  1521ms
stdout | tests/integration/validation/update-operations.test.ts > Update Operations - Read-Back Validation > Date Updates (Bug #11 Prevention) > should update plannedDate and persist change (if database migrated)
⚠️  plannedDate not available - database may not be migrated for planned dates feature

 ❯ tests/integration/tools/unified/end-to-end.test.ts (19 tests | 2 failed) 79750ms
   ✓ Unified Tools End-to-End Integration > omnifocus_read > should query inbox tasks  436ms
   ✓ Unified Tools End-to-End Integration > omnifocus_read > should query tasks with filters  8616ms
   ✓ Unified Tools End-to-End Integration > omnifocus_read > should list all projects  3947ms
   ✓ Unified Tools End-to-End Integration > omnifocus_read > should list all tags  2247ms
   × Unified Tools End-to-End Integration > omnifocus_read > should return count-only for active tasks (33x faster optimization) 2076ms
     → expected { operation: 'tasks', …(8) } to have property "count_only" with value true
   × Unified Tools End-to-End Integration > omnifocus_read > should return count-only for flagged tasks 7096ms
     → expected undefined to be true // Object.is equality
   ✓ Unified Tools End-to-End Integration > omnifocus_write > should create a new task  4973ms
   ✓ Unified Tools End-to-End Integration > omnifocus_write > should update the created task  337ms
   ✓ Unified Tools End-to-End Integration > omnifocus_write > should complete the task  33469ms
   ✓ Unified Tools End-to-End Integration > omnifocus_write > should delete the completed task  11186ms
   ✓ Unified Tools End-to-End Integration > omnifocus_analyze > should analyze productivity stats  1288ms
   ✓ Unified Tools End-to-End Integration > omnifocus_analyze > should parse meeting notes 4ms
   ✓ Unified Tools End-to-End Integration > OmniFocus 4.7+ Features > Planned Dates > should create task with planned date  568ms
   ✓ Unified Tools End-to-End Integration > OmniFocus 4.7+ Features > Planned Dates > should update task with new planned date  571ms
   ✓ Unified Tools End-to-End Integration > OmniFocus 4.7+ Features > Planned Dates > should clear planned date when set to null  557ms
   ✓ Unified Tools End-to-End Integration > OmniFocus 4.7+ Features > Enhanced Repeats > should create task with daily repeat rule  558ms
   ✓ Unified Tools End-to-End Integration > OmniFocus 4.7+ Features > Enhanced Repeats > should create task with weekly repeat rule  639ms
   ✓ Unified Tools End-to-End Integration > OmniFocus 4.7+ Features > Enhanced Repeats > should create task with repeat rule and end date  559ms
   ✓ Unified Tools End-to-End Integration > OmniFocus 4.7+ Features > Version Detection > should report version information in system tool 123ms
stderr | tests/integration/validation/update-operations.test.ts > Update Operations - Read-Back Validation
Failed to cleanup tasks: Error: Tool error: MCP error -32601: Tool not found: manage_task
    at MCPTestClient.callTool [90m(/Users/kip/src/omnifocus-mcp/[39mtests/integration/helpers/mcp-test-client.ts:187:26[90m)[39m
[90m    at processTicksAndRejections (node:internal/process/task_queues:103:5)[39m
    at [90m/Users/kip/src/omnifocus-mcp/[39mtests/integration/validation/update-operations.test.ts:26:9 {
  code: [33m-32601[39m,
  data: [90mundefined[39m,
  mcpError: {
    code: [33m-32601[39m,
    message: [32m'MCP error -32601: Tool not found: manage_task'[39m
  }
}

 ❯ tests/integration/validation/update-operations.test.ts (12 tests | 2 failed) 83816ms
   ✓ Update Operations - Read-Back Validation > Date Updates (Bug #11 Prevention) > should update dueDate and persist change  29168ms
   ✓ Update Operations - Read-Back Validation > Date Updates (Bug #11 Prevention) > should update deferDate and persist change  1897ms
   ✓ Update Operations - Read-Back Validation > Date Updates (Bug #11 Prevention) > should update plannedDate and persist change (if database migrated)  1633ms
   ✓ Update Operations - Read-Back Validation > Date Updates (Bug #11 Prevention) > should clear dueDate using clearDueDate flag  1874ms
   ✓ Update Operations - Read-Back Validation > Tag Operations (Bug #12 Prevention) > should support tags (full replacement)  1862ms
   ✓ Update Operations - Read-Back Validation > Tag Operations (Bug #12 Prevention) > should support addTags (append to existing)  1890ms
   ✓ Update Operations - Read-Back Validation > Tag Operations (Bug #12 Prevention) > should support removeTags (filter out specified)  3511ms
   ✓ Update Operations - Read-Back Validation > Tag Operations (Bug #12 Prevention) > should handle addTags with deduplication  1914ms
   ✓ Update Operations - Read-Back Validation > Basic Property Updates > should update note and persist change  1979ms
   ✓ Update Operations - Read-Back Validation > Basic Property Updates > should update flagged status and persist change  3543ms
   × Update Operations - Read-Back Validation > Basic Property Updates > should update estimatedMinutes and persist change 19848ms
     → expected false to be true // Object.is equality
   × Update Operations - Read-Back Validation > Multiple Updates (Combined Changes) > should apply multiple field updates in single call 14019ms
     → expected false to be true // Object.is equality

⎯⎯⎯⎯⎯⎯⎯ Failed Tests 4 ⎯⎯⎯⎯⎯⎯⎯

 FAIL  tests/integration/validation/update-operations.test.ts > Update Operations - Read-Back Validation > Basic Property Updates > should update estimatedMinutes and persist change
AssertionError: expected false to be true // Object.is equality

[32m- Expected[39m
[31m+ Received[39m

[32m- true[39m
[31m+ false[39m

 ❯ tests/integration/validation/update-operations.test.ts:265:36
    263| 
    264|       const updateResult = await updateTask(taskId, { estimatedMinutes…
    265|       expect(updateResult.success).toBe(true);
       |                                    ^
    266| 
    267|       // ✅ Verify estimatedMinutes persisted

⎯⎯⎯⎯⎯⎯⎯⎯⎯⎯⎯⎯⎯⎯⎯⎯⎯⎯⎯⎯⎯⎯⎯⎯[1/4]⎯

 FAIL  tests/integration/validation/update-operations.test.ts > Update Operations - Read-Back Validation > Multiple Updates (Combined Changes) > should apply multiple field updates in single call
AssertionError: expected false to be true // Object.is equality

[32m- Expected[39m
[31m+ Received[39m

[32m- true[39m
[31m+ false[39m

 ❯ tests/integration/validation/update-operations.test.ts:284:36
    282|         addTags: ['urgent', 'priority']
    283|       });
    284|       expect(updateResult.success).toBe(true);
       |                                    ^
    285| 
    286|       // ✅ Verify ALL changes persisted

⎯⎯⎯⎯⎯⎯⎯⎯⎯⎯⎯⎯⎯⎯⎯⎯⎯⎯⎯⎯⎯⎯⎯⎯[2/4]⎯

 FAIL  tests/integration/tools/unified/end-to-end.test.ts > Unified Tools End-to-End Integration > omnifocus_read > should return count-only for active tasks (33x faster optimization)
AssertionError: expected { operation: 'tasks', …(8) } to have property "count_only" with value true

[32m- Expected:[39m 
true

[31m+ Received:[39m 
undefined

 ❯ tests/integration/tools/unified/end-to-end.test.ts:229:31
    227|       // Verify metadata includes count and optimization flag
    228|       expect(parsed.metadata).toHaveProperty('total_count');
    229|       expect(parsed.metadata).toHaveProperty('count_only', true);
       |                               ^
    230|       expect(parsed.metadata).toHaveProperty('optimization', 'count_on…
    231|       expect(typeof parsed.metadata.total_count).toBe('number');

⎯⎯⎯⎯⎯⎯⎯⎯⎯⎯⎯⎯⎯⎯⎯⎯⎯⎯⎯⎯⎯⎯⎯⎯[3/4]⎯

 FAIL  tests/integration/tools/unified/end-to-end.test.ts > Unified Tools End-to-End Integration > omnifocus_read > should return count-only for flagged tasks
AssertionError: expected undefined to be true // Object.is equality

[32m- Expected:[39m 
true

[31m+ Received:[39m 
undefined

 ❯ tests/integration/tools/unified/end-to-end.test.ts:270:42
    268|       // Verify count metadata
    269|       expect(parsed.metadata).toHaveProperty('total_count');
    270|       expect(parsed.metadata.count_only).toBe(true);
       |                                          ^
    271|       expect(typeof parsed.metadata.total_count).toBe('number');
    272|     }, 60000);

⎯⎯⎯⎯⎯⎯⎯⎯⎯⎯⎯⎯⎯⎯⎯⎯⎯⎯⎯⎯⎯⎯⎯⎯[4/4]⎯


 Test Files  2 failed | 7 passed | 3 skipped (12)
      Tests  4 failed | 66 passed | 30 skipped (100)
   Start at  18:00:12
   Duration  84.19s (transform 675ms, setup 457ms, collect 1.31s, tests 219.73s, environment 1ms, prepare 510ms)

